2018-08-16 10:42:34: empty string!!!2018-08-16 10:44:29: empty string!!!2018-08-16 10:45:00: empty string!!!2018-08-16 10:45:46: empty string!!!2018-08-16 10:45:52: empty string!!!2018-08-16 10:46:25: empty string!!!2018-08-16 10:46:35: empty string!!!